// Jest Snapshot v1, https://goo.gl/fbAQLP

exports[`<CancelButton/> renders correctly 1`] = `
<View
  accessible={true}
  focusable={false}
  isTVSelectable={true}
  onClick={[Function]}
  onResponderGrant={[Function]}
  onResponderMove={[Function]}
  onResponderRelease={[Function]}
  onResponderTerminate={[Function]}
  onResponderTerminationRequest={[Function]}
  onStartShouldSetResponder={[Function]}
  style={
    Object {
      "alignItems": "center",
      "backgroundColor": "#F25757",
      "borderRadius": 500,
      "elevation": 5,
      "justifyContent": "center",
      "opacity": 1,
      "padding": 16,
      "shadowColor": "#000",
      "shadowOffset": Object {
        "height": 2,
        "width": 0,
      },
      "shadowOpacity": 0.4,
      "shadowRadius": 3.25,
      "width": 700,
    }
  }
>
  <Text
    style={
      Object {
        "color": "#fff",
        "fontSize": 16,
        "fontWeight": "600",
      }
    }
  />
</View>
`;
