// Jest Snapshot v1, https://goo.gl/fbAQLP

exports[`<PaddedContainer/> renders correctly 1`] = `
<View
  style={
    Array [
      Object {
        "paddingHorizontal": 20,
      },
      Object {
        "paddingTop": 0,
      },
    ]
  }
/>
`;
